{
  "version": "1.5.0",
  "plugins_used": [
    {
      "name": "ArtifactoryDetector"
    },
    {
      "name": "AWSKeyDetector"
    },
    {
      "name": "AzureStorageKeyDetector"
    },
    {
      "name": "Base64HighEntropyString",
      "limit": 4.5
    },
    {
      "name": "BasicAuthDetector"
    },
    {
      "name": "CloudantDetector"
    },
    {
      "name": "DiscordBotTokenDetector"
    },
    {
      "name": "GitHubTokenDetector"
    },
    {
      "name": "GitLabTokenDetector"
    },
    {
      "name": "HexHighEntropyString",
      "limit": 3.0
    },
    {
      "name": "IbmCloudIamDetector"
    },
    {
      "name": "IbmCosHmacDetector"
    },
    {
      "name": "IPPublicDetector"
    },
    {
      "name": "JwtTokenDetector"
    },
    {
      "name": "KeywordDetector",
      "keyword_exclude": ""
    },
    {
      "name": "MailchimpDetector"
    },
    {
      "name": "NpmDetector"
    },
    {
      "name": "OpenAIDetector"
    },
    {
      "name": "PrivateKeyDetector"
    },
    {
      "name": "PypiTokenDetector"
    },
    {
      "name": "SendGridDetector"
    },
    {
      "name": "SlackDetector"
    },
    {
      "name": "SoftlayerDetector"
    },
    {
      "name": "SquareOAuthDetector"
    },
    {
      "name": "StripeDetector"
    },
    {
      "name": "TelegramBotTokenDetector"
    },
    {
      "name": "TwilioKeyDetector"
    }
  ],
  "filters_used": [
    {
      "path": "detect_secrets.filters.allowlist.is_line_allowlisted"
    },
    {
      "path": "detect_secrets.filters.common.is_baseline_file",
      "filename": ".secrets.baseline"
    },
    {
      "path": "detect_secrets.filters.common.is_ignored_due_to_verification_policies",
      "min_level": 2
    },
    {
      "path": "detect_secrets.filters.heuristic.is_indirect_reference"
    },
    {
      "path": "detect_secrets.filters.heuristic.is_likely_id_string"
    },
    {
      "path": "detect_secrets.filters.heuristic.is_lock_file"
    },
    {
      "path": "detect_secrets.filters.heuristic.is_not_alphanumeric_string"
    },
    {
      "path": "detect_secrets.filters.heuristic.is_potential_uuid"
    },
    {
      "path": "detect_secrets.filters.heuristic.is_prefixed_with_dollar_sign"
    },
    {
      "path": "detect_secrets.filters.heuristic.is_sequential_string"
    },
    {
      "path": "detect_secrets.filters.heuristic.is_swagger_file"
    },
    {
      "path": "detect_secrets.filters.heuristic.is_templated_secret"
    }
  ],
  "results": {
    "backend\\tests\\conftest.py": [
      {
        "type": "Secret Keyword",
        "filename": "backend\\tests\\conftest.py",
        "hashed_secret": "3186f33cef03120053176d1c6e347cd8cc856002",
        "is_verified": false,
        "line_number": 11
      }
    ],
    "backend\\tests\\intelligence\\test_pipeline_refinement.py": [
      {
        "type": "Secret Keyword",
        "filename": "backend\\tests\\intelligence\\test_pipeline_refinement.py",
        "hashed_secret": "3186f33cef03120053176d1c6e347cd8cc856002",
        "is_verified": false,
        "line_number": 103
      },
      {
        "type": "Secret Keyword",
        "filename": "backend\\tests\\intelligence\\test_pipeline_refinement.py",
        "hashed_secret": "fdb89f52d0e49ff940e3d26c5e53c5d1e3f6c4ef",
        "is_verified": false,
        "line_number": 104
      }
    ],
    "backend\\tests\\test_auth_endpoints.py": [
      {
        "type": "Secret Keyword",
        "filename": "backend\\tests\\test_auth_endpoints.py",
        "hashed_secret": "6052acf657148ec39725c596e25bd0612fd301a6",
        "is_verified": false,
        "line_number": 17
      },
      {
        "type": "Secret Keyword",
        "filename": "backend\\tests\\test_auth_endpoints.py",
        "hashed_secret": "fed40ac2c7259212c196fc9cc5ddc354ea417a3f",
        "is_verified": false,
        "line_number": 62
      }
    ],
    "backend\\tests\\test_intelligence_routers.py": [
      {
        "type": "Secret Keyword",
        "filename": "backend\\tests\\test_intelligence_routers.py",
        "hashed_secret": "6052acf657148ec39725c596e25bd0612fd301a6",
        "is_verified": false,
        "line_number": 13
      }
    ],
    "backend\\tests\\test_opportunities_endpoints.py": [
      {
        "type": "Secret Keyword",
        "filename": "backend\\tests\\test_opportunities_endpoints.py",
        "hashed_secret": "6052acf657148ec39725c596e25bd0612fd301a6",
        "is_verified": false,
        "line_number": 21
      }
    ],
    "backend\\tests\\test_opportunities_live.py": [
      {
        "type": "Secret Keyword",
        "filename": "backend\\tests\\test_opportunities_live.py",
        "hashed_secret": "6052acf657148ec39725c596e25bd0612fd301a6",
        "is_verified": false,
        "line_number": 14
      }
    ],
    "backend\\tests\\test_perf_baseline.py": [
      {
        "type": "Secret Keyword",
        "filename": "backend\\tests\\test_perf_baseline.py",
        "hashed_secret": "6052acf657148ec39725c596e25bd0612fd301a6",
        "is_verified": false,
        "line_number": 21
      }
    ],
    "backend\\tests\\test_read_semantics.py": [
      {
        "type": "Secret Keyword",
        "filename": "backend\\tests\\test_read_semantics.py",
        "hashed_secret": "6052acf657148ec39725c596e25bd0612fd301a6",
        "is_verified": false,
        "line_number": 16
      }
    ],
    "backend\\tests\\test_resume_lifecycle.py": [
      {
        "type": "Secret Keyword",
        "filename": "backend\\tests\\test_resume_lifecycle.py",
        "hashed_secret": "6052acf657148ec39725c596e25bd0612fd301a6",
        "is_verified": false,
        "line_number": 62
      }
    ],
    "backend\\tests\\test_strategic_profile_consistency.py": [
      {
        "type": "Secret Keyword",
        "filename": "backend\\tests\\test_strategic_profile_consistency.py",
        "hashed_secret": "6052acf657148ec39725c596e25bd0612fd301a6",
        "is_verified": false,
        "line_number": 20
      }
    ],
    "backend\\tests\\test_trust_metadata.py": [
      {
        "type": "Secret Keyword",
        "filename": "backend\\tests\\test_trust_metadata.py",
        "hashed_secret": "6052acf657148ec39725c596e25bd0612fd301a6",
        "is_verified": false,
        "line_number": 14
      }
    ]
  },
  "generated_at": "2026-06-25T09:28:01Z"
}
